// Vitest Snapshot v1, https://vitest.dev/guide/snapshot.html

exports[`new release item ids stay out of loot containers (deploy window) > freezes the heroic loot id set for the deploy window (the reins are the exception) > heroic-boss-loot-id-set-deploy-window 1`] = `
[
  "basin_stalkers_tunic",
  "bloodmane_war_legguards",
  "bonechill_cord",
  "bonechill_striders",
  "choir_blessed_spaulders",
  "choirmothers_casque",
  "cryptplate_helm",
  "deathless_greatblade",
  "dreamroot_boots",
  "gravescale_girdle",
  "gravewyrm_claws",
  "gravewyrm_cleaver",
  "greatfang_of_the_basin",
  "heroic_duskwhisper",
  "lunar_choir_leggings",
  "lunar_tide_greatstaff",
  "lunarward_cinch",
  "mistcallers_fang",
  "mistforged_pauldrons",
  "morthens_cryptforged_hauberk",
  "reins_grag_bear",
  "reins_shadowjump_toad",
  "reins_stalkglider_snail",
  "reins_stormfeather_griffin",
  "sanctum_prowlers_grips",
  "sash_of_the_sunken_court",
  "scepter_of_the_deathless_court",
  "shadowpulse_handwraps",
  "shadowpulse_slippers",
  "shroud_of_the_gravewyrm",
  "stormbark_mantle",
  "stormcallers_focus",
  "sunbone_oracles_crown",
  "sunbone_ritual_hauberk",
  "sunken_court_mantle",
  "tidebound_spaulders",
  "tideguard_faceguard",
  "tideworn_warboots",
  "tidewoven_trousers",
  "verdant_heart_vestment",
  "wildsoul_maul",
  "wyrmchoir_handwraps",
]
`;
